python.lang.correctness.useless-eqeq.useless-eqeq
     > bar.py:1
     ╷
    1│   3 == 3
     ╵
     = This expression is always True: `3 == 3` or `3 != 3`. If testing for
       floating point NaN, use `math.isnan(3)`, or `cmath.isnan(3)` if the
       number is complex.

