commit
Author: Test <test@r2c.dev>
Date:

    base

 foo.py | 1 +
 1 file changed, 1 insertion(+)
