python.lang.correctness.useless-eqeq.useless-eqeq
     > foo.py:1
     ╷
    1│   10 == 10
     ╵
     = This expression is always True: `10 == 10` or `10 != 10`. If testing for
       floating point NaN, use `math.isnan(10)`, or `cmath.isnan(10)` if the
       number is complex.

