commit
Author: Test <test@r2c.dev>
Date:

    base
