commit
Author: Test <test@r2c.dev>
Date:

    add finding

commit
Author: Test <test@r2c.dev>
Date:

    base
