[{"check_id": "python.django.security.audit.xss.template-translate-as-no-escape", "path": "python/django/security/audit/xss/template-translate-as-no-escape.html", "line": 2, "column": 1, "message": "Translated strings will not be escaped when rendered in a template.\nThis leads to a vulnerability where translators could include malicious script tags in their translations.\nConsider using `force_escape` to explicitly escape a transalted text.\n", "severity": 0, "syntactic_context": "{% translate \"Hello world\" as the_title %}<div><h1>{{ the_title }}</h1>", "index": 0, "end_line": 20, "end_column": 20, "commit_date": "2021-01-19T16:19:23+10:00", "metadata": {"cwe": "CWE-79: Improper Neutralization of Input During Web Page Generation ('Cross-site Scripting')", "owasp": "A7: Cross-site Scripting (XSS)", "references": ["https://edx.readthedocs.io/projects/edx-developer-guide/en/latest/preventing_xss/preventing_xss_in_django_templates.html#html-escaping-translations-in-django-templates", "https://docs.djangoproject.com/en/3.1/topics/i18n/translation/#internationalization-in-template-code"]}, "syntactic_id": "cfd2331dc0170e707040a5110eaeba9a", "is_blocking": true}, {"check_id": "python.django.security.audit.xss.template-translate-as-no-escape", "path": "python/django/security/audit/xss/template-translate-as-no-escape.html", "line": 8, "column": 1, "message": "Translated strings will not be escaped when rendered in a template.\nThis leads to a vulnerability where translators could include malicious script tags in their translations.\nConsider using `force_escape` to explicitly escape a transalted text.\n", "severity": 0, "syntactic_context": "{% trans \"Hello world\" as title %}<p>{{ title }}</p>", "index": 0, "end_line": 15, "end_column": 15, "commit_date": "2021-01-19T16:19:23+10:00", "metadata": {"cwe": "CWE-79: Improper Neutralization of Input During Web Page Generation ('Cross-site Scripting')", "owasp": "A7: Cross-site Scripting (XSS)", "references": ["https://edx.readthedocs.io/projects/edx-developer-guide/en/latest/preventing_xss/preventing_xss_in_django_templates.html#html-escaping-translations-in-django-templates", "https://docs.djangoproject.com/en/3.1/topics/i18n/translation/#internationalization-in-template-code"]}, "syntactic_id": "74e4a63696f4049bce4933d0f7aee4b7", "is_blocking": true}]
