{"$schema": "https://gitlab.com/gitlab-org/security-products/security-report-schemas/-/blob/master/dist/sast-report-format.json", "version": "2.0", "vulnerabilities": [{"id": "9dfb7e9c-5e35-5360-ba7e-386ab544997c", "category": "sast", "cve": "", "message": "Translated strings will not be escaped when rendered in a template.\nThis leads to a vulnerability where translators could include malicious script tags in their translations.\nConsider using `force_escape` to explicitly escape a transalted text.\n", "severity": "Info", "confidence": "High", "scanner": {"id": "semgrep", "name": "Semgrep"}, "location": {"file": "python/django/security/audit/xss/template-translate-as-no-escape.html", "start_line": 8, "end_line": 15, "dependency": {"package": {}}}, "identifiers": [{"type": "semgrep_type", "name": "Semgrep - python.django.security.audit.xss.template-translate-as-no-escape", "value": "python.django.security.audit.xss.template-translate-as-no-escape", "url": "https://semgrep.dev/editor?registry=python.django.security.audit.xss.template-translate-as-no-escape"}]}, {"id": "9dfb7e9c-5e35-5360-ba7e-386ab544997c", "category": "sast", "cve": "", "message": "Translated strings will not be escaped when rendered in a template.\nThis leads to a vulnerability where translators could include malicious script tags in their translations.\nConsider using `force_escape` to explicitly escape a transalted text.\n", "severity": "Info", "confidence": "High", "scanner": {"id": "semgrep", "name": "Semgrep"}, "location": {"file": "python/django/security/audit/xss/template-translate-as-no-escape.html", "start_line": 2, "end_line": 20, "dependency": {"package": {}}}, "identifiers": [{"type": "semgrep_type", "name": "Semgrep - python.django.security.audit.xss.template-translate-as-no-escape", "value": "python.django.security.audit.xss.template-translate-as-no-escape", "url": "https://semgrep.dev/editor?registry=python.django.security.audit.xss.template-translate-as-no-escape"}]}]}
